[  1/105] c10000_greedy vs c10000_t0.25: 477W/530L/17D score=0.4741 CI=[0.4461,0.5021] seconds=72.7 current_leader=c10000_t0.25(0.5259)
[  2/105] c10000_greedy vs c10000_t0.5: 507W/504L/13D score=0.5015 CI=[0.4736,0.5293] seconds=52.1 current_leader=c10000_t0.25(0.5259)
[  3/105] c10000_greedy vs c10000_t0.75: 563W/445L/16D score=0.5576 CI=[0.5303,0.5850] seconds=52.1 current_leader=c10000_t0.25(0.5259)
[  4/105] c10000_greedy vs c10000_t1: 542W/462L/20D score=0.5391 CI=[0.5106,0.5676] seconds=52.1 current_leader=c10000_t0.25(0.5259)
[  5/105] c10000_greedy vs c12000_greedy: 414W/597L/13D score=0.4106 CI=[0.3825,0.4388] seconds=64.6 current_leader=c12000_greedy(0.5894)
[  6/105] c10000_greedy vs c12000_t0.25: 411W/599L/14D score=0.4082 CI=[0.3780,0.4384] seconds=52.2 current_leader=c12000_t0.25(0.5918)
[  7/105] c10000_greedy vs c12000_t0.5: 406W/605L/13D score=0.4028 CI=[0.3747,0.4310] seconds=52.1 current_leader=c12000_t0.5(0.5972)
[  8/105] c10000_greedy vs c12000_t0.75: 407W/600L/17D score=0.4058 CI=[0.3783,0.4332] seconds=52.1 current_leader=c12000_t0.5(0.5972)
[  9/105] c10000_greedy vs c12000_t1: 441W/573L/10D score=0.4355 CI=[0.4052,0.4659] seconds=52.1 current_leader=c12000_t0.5(0.5972)
[ 10/105] c10000_greedy vs c14000_greedy: 388W/624L/12D score=0.3848 CI=[0.3563,0.4133] seconds=52.2 current_leader=c14000_greedy(0.6152)
[ 11/105] c10000_greedy vs c14000_t0.25: 388W/623L/13D score=0.3853 CI=[0.3582,0.4123] seconds=52.1 current_leader=c14000_greedy(0.6152)
[ 12/105] c10000_greedy vs c14000_t0.5: 347W/658L/19D score=0.3481 CI=[0.3217,0.3746] seconds=52.1 current_leader=c14000_t0.5(0.6519)
[ 13/105] c10000_greedy vs c14000_t0.75: 372W/628L/24D score=0.3750 CI=[0.3475,0.4025] seconds=52.1 current_leader=c14000_t0.5(0.6519)
[ 14/105] c10000_greedy vs c14000_t1: 376W/630L/18D score=0.3760 CI=[0.3481,0.4038] seconds=52.2 current_leader=c14000_t0.5(0.6519)
[ 15/105] c10000_t0.25 vs c10000_t0.5: 530W/479L/15D score=0.5249 CI=[0.4955,0.5543] seconds=65.4 current_leader=c14000_t0.5(0.6519)
[ 16/105] c10000_t0.25 vs c10000_t0.75: 521W/483L/20D score=0.5186 CI=[0.4891,0.5480] seconds=52.1 current_leader=c14000_t0.5(0.6519)
[ 17/105] c10000_t0.25 vs c10000_t1: 525W/485L/14D score=0.5195 CI=[0.4914,0.5476] seconds=52.1 current_leader=c14000_t0.5(0.6519)
[ 18/105] c10000_t0.25 vs c12000_greedy: 379W/635L/10D score=0.3750 CI=[0.3472,0.4028] seconds=65.4 current_leader=c14000_t0.5(0.6519)
[ 19/105] c10000_t0.25 vs c12000_t0.25: 382W/624L/18D score=0.3818 CI=[0.3529,0.4108] seconds=52.2 current_leader=c14000_t0.5(0.6519)
[ 20/105] c10000_t0.25 vs c12000_t0.5: 434W/582L/8D score=0.4277 CI=[0.3990,0.4565] seconds=52.1 current_leader=c14000_t0.5(0.6519)
[ 21/105] c10000_t0.25 vs c12000_t0.75: 427W/587L/10D score=0.4219 CI=[0.3930,0.4507] seconds=52.1 current_leader=c14000_t0.5(0.6519)
[ 22/105] c10000_t0.25 vs c12000_t1: 433W/585L/6D score=0.4258 CI=[0.3980,0.4536] seconds=52.1 current_leader=c14000_t0.5(0.6519)
[ 23/105] c10000_t0.25 vs c14000_greedy: 341W/666L/17D score=0.3413 CI=[0.3133,0.3693] seconds=52.1 current_leader=c14000_t0.5(0.6519)
[ 24/105] c10000_t0.25 vs c14000_t0.25: 356W/653L/15D score=0.3550 CI=[0.3256,0.3844] seconds=52.1 current_leader=c14000_t0.5(0.6519)
[ 25/105] c10000_t0.25 vs c14000_t0.5: 382W/618L/24D score=0.3848 CI=[0.3565,0.4130] seconds=52.1 current_leader=c14000_greedy(0.6370)
[ 26/105] c10000_t0.25 vs c14000_t0.75: 360W/648L/16D score=0.3594 CI=[0.3307,0.3881] seconds=52.1 current_leader=c14000_greedy(0.6370)
[ 27/105] c10000_t0.25 vs c14000_t1: 413W/596L/15D score=0.4106 CI=[0.3816,0.4397] seconds=52.1 current_leader=c14000_greedy(0.6370)
[ 28/105] c10000_t0.5 vs c10000_t0.75: 527W/479L/18D score=0.5234 CI=[0.4943,0.5526] seconds=52.1 current_leader=c14000_greedy(0.6370)
[ 29/105] c10000_t0.5 vs c10000_t1: 553W/447L/24D score=0.5518 CI=[0.5235,0.5800] seconds=52.1 current_leader=c14000_greedy(0.6370)
[ 30/105] c10000_t0.5 vs c12000_greedy: 410W/603L/11D score=0.4058 CI=[0.3778,0.4337] seconds=52.1 current_leader=c14000_greedy(0.6370)
[ 31/105] c10000_t0.5 vs c12000_t0.25: 396W/620L/8D score=0.3906 CI=[0.3626,0.4187] seconds=52.1 current_leader=c14000_greedy(0.6370)
[ 32/105] c10000_t0.5 vs c12000_t0.5: 406W/598L/20D score=0.4062 CI=[0.3782,0.4343] seconds=52.1 current_leader=c14000_greedy(0.6370)
[ 33/105] c10000_t0.5 vs c12000_t0.75: 415W/589L/20D score=0.4150 CI=[0.3876,0.4425] seconds=52.1 current_leader=c14000_greedy(0.6370)
