[ 1/15] c14000_greedy vs c14000_t0.05: 521W/483L/20D score=0.5186 CI=[0.4927,0.5444] seconds=55.5
[ 2/15] c14000_greedy vs c14000_t0.1: 492W/506L/26D score=0.4932 CI=[0.4660,0.5203] seconds=52.1
[ 3/15] c14000_greedy vs c14000_t0.15: 518W/487L/19D score=0.5151 CI=[0.4868,0.5435] seconds=52.1
[ 4/15] c14000_greedy vs c14000_t0.2: 510W/492L/22D score=0.5088 CI=[0.4800,0.5376] seconds=52.1
[ 5/15] c14000_greedy vs c14000_t0.25: 504W/502L/18D score=0.5010 CI=[0.4739,0.5280] seconds=52.1
[ 6/15] c14000_t0.05 vs c14000_t0.1: 519W/491L/14D score=0.5137 CI=[0.4869,0.5404] seconds=53.7
[ 7/15] c14000_t0.05 vs c14000_t0.15: 523W/483L/18D score=0.5195 CI=[0.4923,0.5467] seconds=52.1
[ 8/15] c14000_t0.05 vs c14000_t0.2: 505W/503L/16D score=0.5010 CI=[0.4727,0.5292] seconds=52.1
[ 9/15] c14000_t0.05 vs c14000_t0.25: 486W/524L/14D score=0.4814 CI=[0.4531,0.5098] seconds=52.1
[10/15] c14000_t0.1 vs c14000_t0.15: 498W/510L/16D score=0.4941 CI=[0.4657,0.5226] seconds=52.1
[11/15] c14000_t0.1 vs c14000_t0.2: 501W/502L/21D score=0.4995 CI=[0.4713,0.5278] seconds=52.0
[12/15] c14000_t0.1 vs c14000_t0.25: 514W/488L/22D score=0.5127 CI=[0.4858,0.5396] seconds=52.1
[13/15] c14000_t0.15 vs c14000_t0.2: 513W/480L/31D score=0.5161 CI=[0.4885,0.5437] seconds=52.1
[14/15] c14000_t0.15 vs c14000_t0.25: 502W/492L/30D score=0.5049 CI=[0.4760,0.5337] seconds=52.1
[15/15] c14000_t0.2 vs c14000_t0.25: 493W/520L/11D score=0.4868 CI=[0.4597,0.5139] seconds=52.1
FINAL COARSE RANKING
 1. c14000_greedy: macro=0.507324 W/L/D=2545/2470/105
 2. c14000_t0.25: macro=0.502637 W/L/D=2526/2499/95
 3. c14000_t0.1: macro=0.499902 W/L/D=2510/2511/99
 4. c14000_t0.05: macro=0.499414 W/L/D=2516/2522/82
 5. c14000_t0.15: macro=0.498437 W/L/D=2495/2511/114
 6. c14000_t0.2: macro=0.492285 W/L/D=2470/2549/101
