[ 1/66] c14000_raw vs c14000_ema: 455W/557L/12D score=0.4502 CI=[0.4219,0.4785] seconds=72.4 leader=c14000_ema(0.5498)
[ 2/66] c14000_raw vs c15000_raw: 479W/531L/14D score=0.4746 CI=[0.4458,0.5035] seconds=53.4 leader=c14000_ema(0.5498)
[ 3/66] c14000_raw vs c15000_ema: 436W/566L/22D score=0.4365 CI=[0.4075,0.4655] seconds=53.4 leader=c15000_ema(0.5635)
[ 4/66] c14000_raw vs c16000_raw: 472W/525L/27D score=0.4741 CI=[0.4454,0.5028] seconds=53.5 leader=c15000_ema(0.5635)
[ 5/66] c14000_raw vs c16000_ema: 439W/563L/22D score=0.4395 CI=[0.4119,0.4670] seconds=53.5 leader=c15000_ema(0.5635)
[ 6/66] c14000_raw vs c17000_raw: 469W/531L/24D score=0.4697 CI=[0.4413,0.4982] seconds=53.5 leader=c15000_ema(0.5635)
[ 7/66] c14000_raw vs c17000_ema: 393W/613L/18D score=0.3926 CI=[0.3624,0.4227] seconds=53.5 leader=c17000_ema(0.6074)
[ 8/66] c14000_raw vs c18000_raw: 481W/524L/19D score=0.4790 CI=[0.4501,0.5079] seconds=53.5 leader=c17000_ema(0.6074)
[ 9/66] c14000_raw vs c18000_ema: 407W/594L/23D score=0.4087 CI=[0.3807,0.4367] seconds=53.5 leader=c17000_ema(0.6074)
[10/66] c14000_raw vs c19000_raw: 437W/580L/7D score=0.4302 CI=[0.4010,0.4593] seconds=53.5 leader=c17000_ema(0.6074)
[11/66] c14000_raw vs c19000_ema: 393W/612L/19D score=0.3931 CI=[0.3647,0.4214] seconds=53.5 leader=c17000_ema(0.6074)
[12/66] c14000_ema vs c15000_raw: 510W/502L/12D score=0.5039 CI=[0.4749,0.5329] seconds=53.5 leader=c17000_ema(0.6074)
[13/66] c14000_ema vs c15000_ema: 484W/522L/18D score=0.4814 CI=[0.4527,0.5102] seconds=53.5 leader=c17000_ema(0.6074)
[14/66] c14000_ema vs c16000_raw: 524W/483L/17D score=0.5200 CI=[0.4905,0.5495] seconds=53.5 leader=c17000_ema(0.6074)
[15/66] c14000_ema vs c16000_ema: 465W/544L/15D score=0.4614 CI=[0.4336,0.4893] seconds=53.5 leader=c17000_ema(0.6074)
[16/66] c14000_ema vs c17000_raw: 530W/479L/15D score=0.5249 CI=[0.4957,0.5541] seconds=53.5 leader=c17000_ema(0.6074)
[17/66] c14000_ema vs c17000_ema: 451W/560L/13D score=0.4468 CI=[0.4177,0.4758] seconds=53.5 leader=c19000_ema(0.6069)
[18/66] c14000_ema vs c18000_raw: 522W/481L/21D score=0.5200 CI=[0.4919,0.5481] seconds=53.5 leader=c19000_ema(0.6069)
[19/66] c14000_ema vs c18000_ema: 445W/561L/18D score=0.4434 CI=[0.4162,0.4706] seconds=53.5 leader=c19000_ema(0.6069)
[20/66] c14000_ema vs c19000_raw: 487W/521L/16D score=0.4834 CI=[0.4544,0.5124] seconds=53.5 leader=c19000_ema(0.6069)
[21/66] c14000_ema vs c19000_ema: 448W/556L/20D score=0.4473 CI=[0.4189,0.4756] seconds=53.5 leader=c17000_ema(0.5803)
[22/66] c15000_raw vs c15000_ema: 465W/543L/16D score=0.4619 CI=[0.4348,0.4890] seconds=53.5 leader=c17000_ema(0.5803)
[23/66] c15000_raw vs c16000_raw: 531W/466L/27D score=0.5317 CI=[0.5024,0.5611] seconds=53.5 leader=c17000_ema(0.5803)
[24/66] c15000_raw vs c16000_ema: 433W/574L/17D score=0.4312 CI=[0.4023,0.4600] seconds=53.5 leader=c17000_ema(0.5803)
[25/66] c15000_raw vs c17000_raw: 508W/495L/21D score=0.5063 CI=[0.4777,0.5350] seconds=53.6 leader=c17000_ema(0.5803)
[26/66] c15000_raw vs c17000_ema: 454W/553L/17D score=0.4517 CI=[0.4230,0.4803] seconds=53.5 leader=c19000_ema(0.5798)
[27/66] c15000_raw vs c18000_raw: 525W/468L/31D score=0.5278 CI=[0.4996,0.5561] seconds=53.5 leader=c19000_ema(0.5798)
[28/66] c15000_raw vs c18000_ema: 411W/597L/16D score=0.4092 CI=[0.3808,0.4375] seconds=53.5 leader=c19000_ema(0.5798)
[29/66] c15000_raw vs c19000_raw: 474W/535L/15D score=0.4702 CI=[0.4422,0.4983] seconds=53.5 leader=c19000_ema(0.5798)
[30/66] c15000_raw vs c19000_ema: 429W/581L/14D score=0.4258 CI=[0.3971,0.4545] seconds=53.5 leader=c18000_ema(0.5796)
[31/66] c15000_ema vs c16000_raw: 541W/460L/23D score=0.5396 CI=[0.5117,0.5674] seconds=53.5 leader=c18000_ema(0.5796)
[32/66] c15000_ema vs c16000_ema: 480W/524L/20D score=0.4785 CI=[0.4501,0.5070] seconds=53.5 leader=c18000_ema(0.5796)
[33/66] c15000_ema vs c17000_raw: 551W/458L/15D score=0.5454 CI=[0.5164,0.5744] seconds=53.5 leader=c18000_ema(0.5796)
[34/66] c15000_ema vs c17000_ema: 478W/528L/18D score=0.4756 CI=[0.4485,0.5027] seconds=53.5 leader=c18000_ema(0.5796)
[35/66] c15000_ema vs c18000_raw: 532W/480L/12D score=0.5254 CI=[0.4974,0.5534] seconds=53.5 leader=c18000_ema(0.5796)
[36/66] c15000_ema vs c18000_ema: 482W/526L/16D score=0.4785 CI=[0.4494,0.5077] seconds=53.5 leader=c19000_ema(0.5780)
[37/66] c15000_ema vs c19000_raw: 513W/503L/8D score=0.5049 CI=[0.4759,0.5338] seconds=53.5 leader=c19000_ema(0.5780)
[38/66] c15000_ema vs c19000_ema: 465W/548L/11D score=0.4595 CI=[0.4305,0.4885] seconds=53.5 leader=c19000_ema(0.5686)
[39/66] c16000_raw vs c16000_ema: 433W/568L/23D score=0.4341 CI=[0.4054,0.4628] seconds=53.5 leader=c19000_ema(0.5686)
[40/66] c16000_raw vs c17000_raw: 477W/521L/26D score=0.4785 CI=[0.4501,0.5069] seconds=53.5 leader=c19000_ema(0.5686)
[41/66] c16000_raw vs c17000_ema: 428W/570L/26D score=0.4307 CI=[0.4029,0.4585] seconds=53.6 leader=c19000_ema(0.5686)
[42/66] c16000_raw vs c18000_raw: 503W/491L/30D score=0.5059 CI=[0.4767,0.5350] seconds=53.6 leader=c19000_ema(0.5686)
[43/66] c16000_raw vs c18000_ema: 418W/586L/20D score=0.4180 CI=[0.3893,0.4466] seconds=53.5 leader=c19000_ema(0.5686)
[44/66] c16000_raw vs c19000_raw: 468W/536L/20D score=0.4668 CI=[0.4387,0.4948] seconds=53.5 leader=c19000_ema(0.5686)
[45/66] c16000_raw vs c19000_ema: 425W/582L/17D score=0.4233 CI=[0.3952,0.4515] seconds=53.5 leader=c19000_ema(0.5702)
[46/66] c16000_ema vs c17000_raw: 552W/454L/18D score=0.5479 CI=[0.5204,0.5753] seconds=53.5 leader=c19000_ema(0.5702)
[47/66] c16000_ema vs c17000_ema: 492W/504L/28D score=0.4941 CI=[0.4659,0.5224] seconds=53.5 leader=c19000_ema(0.5702)
[48/66] c16000_ema vs c18000_raw: 556W/457L/11D score=0.5483 CI=[0.5201,0.5765] seconds=53.5 leader=c19000_ema(0.5702)
[49/66] c16000_ema vs c18000_ema: 492W/518L/14D score=0.4873 CI=[0.4576,0.5170] seconds=53.6 leader=c19000_ema(0.5702)
[50/66] c16000_ema vs c19000_raw: 513W/500L/11D score=0.5063 CI=[0.4775,0.5352] seconds=53.5 leader=c19000_ema(0.5702)
[51/66] c16000_ema vs c19000_ema: 468W/547L/9D score=0.4614 CI=[0.4324,0.4904] seconds=53.5 leader=c19000_ema(0.5649)
[52/66] c17000_raw vs c17000_ema: 451W/552L/21D score=0.4507 CI=[0.4227,0.4786] seconds=53.5 leader=c19000_ema(0.5649)
[53/66] c17000_raw vs c18000_raw: 503W/501L/20D score=0.5010 CI=[0.4722,0.5298] seconds=53.5 leader=c19000_ema(0.5649)
[54/66] c17000_raw vs c18000_ema: 414W/588L/22D score=0.4150 CI=[0.3868,0.4433] seconds=53.5 leader=c19000_ema(0.5649)
[55/66] c17000_raw vs c19000_raw: 483W/521L/20D score=0.4814 CI=[0.4524,0.5105] seconds=53.5 leader=c19000_ema(0.5649)
[56/66] c17000_raw vs c19000_ema: 414W/592L/18D score=0.4131 CI=[0.3846,0.4415] seconds=53.5 leader=c19000_ema(0.5681)
[57/66] c17000_ema vs c18000_raw: 570W/425L/29D score=0.5708 CI=[0.5425,0.5991] seconds=53.6 leader=c19000_ema(0.5681)
[58/66] c17000_ema vs c18000_ema: 480W/531L/13D score=0.4751 CI=[0.4477,0.5025] seconds=53.5 leader=c19000_ema(0.5681)
[59/66] c17000_ema vs c19000_raw: 540W/475L/9D score=0.5317 CI=[0.5025,0.5610] seconds=53.6 leader=c19000_ema(0.5681)
[60/66] c17000_ema vs c19000_ema: 463W/544L/17D score=0.4604 CI=[0.4323,0.4886] seconds=53.5 leader=c19000_ema(0.5645)
[61/66] c18000_raw vs c18000_ema: 427W/574L/23D score=0.4282 CI=[0.3993,0.4571] seconds=53.5 leader=c19000_ema(0.5645)
[62/66] c18000_raw vs c19000_raw: 472W/539L/13D score=0.4673 CI=[0.4394,0.4952] seconds=53.5 leader=c19000_ema(0.5645)
[63/66] c18000_raw vs c19000_ema: 410W/590L/24D score=0.4121 CI=[0.3853,0.4389] seconds=53.5 leader=c19000_ema(0.5671)
[64/66] c18000_ema vs c19000_raw: 532W/480L/12D score=0.5254 CI=[0.4963,0.5545] seconds=53.5 leader=c19000_ema(0.5671)
[65/66] c18000_ema vs c19000_ema: 498W/506L/20D score=0.4961 CI=[0.4680,0.5242] seconds=53.5 leader=c19000_ema(0.5608)
[66/66] c19000_raw vs c19000_ema: 436W/572L/16D score=0.4336 CI=[0.4049,0.4622] seconds=53.5 leader=c19000_ema(0.5613)
FINAL RANKING
 1. c19000_ema: macro=0.561301 micro=0.561301 W/L/D=6230/4849/185
 2. c18000_ema: macro=0.550737 micro=0.550737 W/L/D=6105/4962/197
 3. c17000_ema: macro=0.536000 micro=0.536000 W/L/D=5933/5122/209
 4. c16000_ema: macro=0.527344 micro=0.527344 W/L/D=5846/5230/188
 5. c15000_ema: macro=0.511586 micro=0.511586 W/L/D=5673/5412/179
 6. c19000_raw: macro=0.505993 micro=0.505993 W/L/D=5626/5491/147
 7. c14000_ema: macro=0.489302 micro=0.489302 W/L/D=5423/5664/177
 8. c15000_raw: macro=0.476119 micro=0.476119 W/L/D=5263/5801/200
 9. c17000_raw: macro=0.471680 micro=0.471680 W/L/D=5203/5841/220
10. c18000_raw: macro=0.466309 micro=0.466309 W/L/D=5136/5895/233
11. c16000_raw: macro=0.462891 micro=0.462891 W/L/D=5086/5922/256
12. c14000_raw: macro=0.440740 micro=0.440740 W/L/D=4861/6196/207
