selected checkpoint=14000 bracket=0.25..0.5 from best=(0.5, 'c14000_t0.5', 0.5196533203125) neighbor=(0.25, 'c14000_t0.25', 0.5147705078125)
[ 1/15] c14000_t0.25 vs c14000_t0.3: 515W/494L/15D score=0.5103 CI=[0.4816,0.5389] seconds=55.4
[ 2/15] c14000_t0.25 vs c14000_t0.35: 515W/488L/21D score=0.5132 CI=[0.4855,0.5409] seconds=52.0
[ 3/15] c14000_t0.25 vs c14000_t0.4: 521W/483L/20D score=0.5186 CI=[0.4916,0.5455] seconds=52.0
[ 4/15] c14000_t0.25 vs c14000_t0.45: 529W/486L/9D score=0.5210 CI=[0.4931,0.5489] seconds=52.0
[ 5/15] c14000_t0.25 vs c14000_t0.5: 521W/484L/19D score=0.5181 CI=[0.4898,0.5464] seconds=52.0
[ 6/15] c14000_t0.3 vs c14000_t0.35: 515W/491L/18D score=0.5117 CI=[0.4835,0.5399] seconds=52.1
[ 7/15] c14000_t0.3 vs c14000_t0.4: 503W/507L/14D score=0.4980 CI=[0.4705,0.5256] seconds=52.1
[ 8/15] c14000_t0.3 vs c14000_t0.45: 527W/482L/15D score=0.5220 CI=[0.4940,0.5500] seconds=52.1
[ 9/15] c14000_t0.3 vs c14000_t0.5: 519W/485L/20D score=0.5166 CI=[0.4883,0.5449] seconds=52.1
[10/15] c14000_t0.35 vs c14000_t0.4: 510W/501L/13D score=0.5044 CI=[0.4753,0.5335] seconds=52.1
[11/15] c14000_t0.35 vs c14000_t0.45: 516W/491L/17D score=0.5122 CI=[0.4836,0.5408] seconds=52.1
[12/15] c14000_t0.35 vs c14000_t0.5: 510W/490L/24D score=0.5098 CI=[0.4813,0.5382] seconds=52.1
[13/15] c14000_t0.4 vs c14000_t0.45: 501W/506L/17D score=0.4976 CI=[0.4706,0.5245] seconds=52.1
[14/15] c14000_t0.4 vs c14000_t0.5: 497W/504L/23D score=0.4966 CI=[0.4684,0.5247] seconds=52.1
[15/15] c14000_t0.45 vs c14000_t0.5: 519W/490L/15D score=0.5142 CI=[0.4852,0.5431] seconds=52.1
FINAL FINE RANKING
 1. c14000_t0.25: macro=0.516211 W/L/D=2601/2435/84
 2. c14000_t0.3: macro=0.507617 W/L/D=2558/2480/82
 3. c14000_t0.35: macro=0.500293 W/L/D=2515/2512/93
 4. c14000_t0.4: macro=0.494629 W/L/D=2489/2544/87
 5. c14000_t0.45: macro=0.492285 W/L/D=2484/2563/73
 6. c14000_t0.5: macro=0.488965 W/L/D=2453/2566/101
